\BOOKMARK [0][-]{chapter.1}{User Guide}{}% 1
\BOOKMARK [1][-]{section.1.1}{Overview}{chapter.1}% 2
\BOOKMARK [1][-]{section.1.2}{How-To}{chapter.1}% 3
\BOOKMARK [0][-]{chapter.2}{UAHealth Fit Vault Software Test Description}{}% 4
\BOOKMARK [1][-]{section.2.1}{Sign Off}{chapter.2}% 5
\BOOKMARK [1][-]{section.2.2}{Scope}{chapter.2}% 6
\BOOKMARK [1][-]{section.2.3}{Referenced Documents}{chapter.2}% 7
\BOOKMARK [1][-]{section.2.4}{Test Descriptions}{chapter.2}% 8
\BOOKMARK [0][-]{chapter.3}{Indices and tables}{}% 9
\BOOKMARK [0][-]{section*.131}{Python Module Index}{}% 10
\BOOKMARK [0][-]{section*.132}{Index}{}% 11
